[1mInitial chunk files[22m  [2m | [22m[1mNames[22m                     [2m | [22m [1mRaw size[22m[2m | [22m[1mEstimated transfer size[22m
[32mchunk-NDUKLK2F.js[39m    [2m | [22m[2m-[22m                         [2m | [22m[36m148.23 kB[39m[2m | [22m               [36m42.99 kB[39m
[32mchunk-N5S54334.js[39m    [2m | [22m[2m-[22m                         [2m | [22m [36m98.27 kB[39m[2m | [22m               [36m24.99 kB[39m
[32mstyles-VUQ5WSLM.css[39m  [2m | [22m[2mstyles[22m                    [2m | [22m [36m36.90 kB[39m[2m | [22m                [36m5.52 kB[39m
[32mpolyfills-B6TNHZQ6.js[39m[2m | [22m[2mpolyfills[22m                 [2m | [22m [36m34.58 kB[39m[2m | [22m               [36m11.32 kB[39m
[32mmain-R2L2JSR7.js[39m     [2m | [22m[2mmain[22m                      [2m | [22m  [36m1.76 kB[39m[2m | [22m              [36m562 bytes[39m

[1m [22m                    [2m | [22m[1mInitial total[22m             [2m | [22m[1m319.74 kB[22m[2m | [22m               [1m85.38 kB[22m

[1mLazy chunk files[22m     [2m | [22m[1mNames[22m                     [2m | [22m [1mRaw size[22m[2m | [22m[1mEstimated transfer size[22m
[32mchunk-WRTUCBC3.js[39m    [2m | [22m[2mhome-page-component[22m       [2m | [22m [36m56.93 kB[39m[2m | [22m               [36m12.94 kB[39m
[32mchunk-HCLHV6AG.js[39m    [2m | [22m[2m-[22m                         [2m | [22m [36m34.23 kB[39m[2m | [22m                [36m7.31 kB[39m
[32mchunk-PUWHWMTD.js[39m    [2m | [22m[2mprofile-component[22m         [2m | [22m [36m23.15 kB[39m[2m | [22m                [36m6.09 kB[39m
[32mchunk-MN5BPVXJ.js[39m    [2m | [22m[2madmin-panel-component[22m     [2m | [22m [36m20.79 kB[39m[2m | [22m                [36m5.03 kB[39m
[32mchunk-37XXFIG5.js[39m    [2m | [22m[2mauth-component[22m            [2m | [22m [36m18.96 kB[39m[2m | [22m                [36m4.61 kB[39m
[32mchunk-T4H2NKK4.js[39m    [2m | [22m[2mmain-layout-component[22m     [2m | [22m [36m12.18 kB[39m[2m | [22m                [36m3.05 kB[39m
[32mchunk-E3MQVDNV.js[39m    [2m | [22m[2muser-preferences-component[22m[2m | [22m [36m11.65 kB[39m[2m | [22m                [36m3.59 kB[39m

Application bundle generation complete. [1.790 seconds]

node.exe : [1m[33m[33mÔû▓ 
[43;33m[[43;30mWARNING[43;33m][0m 
[1mTS-998113: RouterLink is not used within the 
template of MainLayoutComponent[0m 
[1m[35m[plugin angular-compiler][0m
Au caractère Ligne:1 : 1
+ & "C:\Program Files\nodejs/node.exe" 
"C:\Program Files\nodejs/node_mo ...
+ ~~~~~~~~~~~~~~~~~~~~~~~~~~~~~~~~~~~~~~~~~~~~~~~~
~~~~~~~~~~~~~~~~~~~~~
    + CategoryInfo          : NotSpecified: ([1m 
   [33m[33mÔ...r-compiler][0m:String) [], Rem  
  oteException
    + FullyQualifiedErrorId : NativeCommandError
 

    src/app/components/main-layout/main-layout.com
ponent.ts:9:26:
[37m      9 Ôöé   imports: [RouterOutlet, 
[32mRouterLink[37m, NavigationComponent, 
FooterCo...
        ÔòÁ                           
[32m~~~~~~~~~~[0m


[33mÔû▓ [43;33m[[43;30mWARNING[43;33m][0m 
[1mTS-998113: RouterLink is not used within the 
template of ProfileComponent[0m [1m[35m[plugin 
angular-compiler][0m

    src/app/components/profile/profile.component.t
s:28:28:
[37m      28 Ôöé     imports: [CommonModule, 
[32mRouterLink[37m],
         ÔòÁ                             
[32m~~~~~~~~~~[0m


[33mÔû▓ [43;33m[[43;30mWARNING[43;33m][0m [1
msrc/app/components/user-preferences/user-preferen
ces.component.css exceeded maximum budget. Budget 
2.00 kB was not met by 384 bytes with a total of 
2.38 kB.[0m

[39m[22m
Output location: C:\Users\ahmed\Downloads\fffffff\dist\campconnect-angular

