node.exe : - Generating browser application bundles 
(phase: setup)...
Au caractère Ligne:1 : 1
+ & "C:\Program Files\nodejs/node.exe" "C:\Program 
Files\nodejs/node_mo ...
+ ~~~~~~~~~~~~~~~~~~~~~~~~~~~~~~~~~~~~~~~~~~~~~~~~~~
~~~~~~~~~~~~~~~~~~~
    + CategoryInfo          : NotSpecified: (- 
Genera    ting br...hase: setup)...:String) [], 
RemoteExcep    tion
    + FullyQualifiedErrorId : NativeCommandError
 
Ô£ö Browser application bundle generation complete.
[32m31 03 2026 09:34:39.433:INFO [karma-server]: [39mKarma v6.4.4 server started at http://localhost:9877/
[32m31 03 2026 09:34:39.435:INFO [launcher]: [39mLaunching browsers Chrome with concurrency unlimited
[32m31 03 2026 09:34:39.442:INFO [launcher]: [39mStarting browser Chrome
[32m31 03 2026 09:34:40.118:INFO [Chrome 146.0.0.0 (Windows 10)]: [39mConnected on socket umbDQEYgFAlG_smiAAAB with id 11123216
Chrome 146.0.0.0 (Windows 10): Executed 0 of 14[32m SUCCESS[39m (0 secs / 0 secs)
[1A[2K[31mChrome 146.0.0.0 (Windows 10) EventsAdminManagementComponent should show error if price is negative FAILED[39m
	Error: NG0908: In this configuration Angular requires Zone.js
	error properties: Object({ code: 908 })
	    at new NgZone (node_modules/@angular/core/fesm2022/core.mjs:6349:19)
	    at Object.useFactory (node_modules/@angular/core/fesm2022/core.mjs:34997:29)
	    at Object.factory (node_modules/@angular/core/fesm2022/core.mjs:2385:38)
	    at callback (node_modules/@angular/core/fesm2022/core.mjs:2282:47)
	    at runInInjectorProfilerContext (node_modules/@angular/core/fesm2022/core.mjs:884:9)
	    at R3Injector.hydrate (node_modules/@angular/core/fesm2022/core.mjs:2281:21)
	    at R3Injector.get (node_modules/@angular/core/fesm2022/core.mjs:2149:33)
	    at injectInjectorOnly (node_modules/@angular/core/fesm2022/core.mjs:1125:32)
	    at ╔Á╔Áinject (node_modules/@angular/core/fesm2022/core.mjs:1131:60)
	    at inject (node_modules/@angular/core/fesm2022/core.mjs:1217:12)
Chrome 146.0.0.0 (Windows 10): Executed 1 of 14[31m (1 FAILED)[39m (0 secs / 0.663 secs)
[1A[2K[31mChrome 146.0.0.0 (Windows 10) EventsAdminManagementComponent should show error if title is too short FAILED[39m
	Error: NG0908: In this configuration Angular requires Zone.js
	error properties: Object({ code: 908 })
	    at new NgZone (node_modules/@angular/core/fesm2022/core.mjs:6349:19)
	    at Object.useFactory (node_modules/@angular/core/fesm2022/core.mjs:34997:29)
	    at Object.factory (node_modules/@angular/core/fesm2022/core.mjs:2385:38)
	    at callback (node_modules/@angular/core/fesm2022/core.mjs:2282:47)
	    at runInInjectorProfilerContext (node_modules/@angular/core/fesm2022/core.mjs:884:9)
	    at R3Injector.hydrate (node_modules/@angular/core/fesm2022/core.mjs:2281:21)
	    at R3Injector.get (node_modules/@angular/core/fesm2022/core.mjs:2149:33)
	    at injectInjectorOnly (node_modules/@angular/core/fesm2022/core.mjs:1125:32)
	    at ╔Á╔Áinject (node_modules/@angular/core/fesm2022/core.mjs:1131:60)
	    at inject (node_modules/@angular/core/fesm2022/core.mjs:1217:12)
Chrome 146.0.0.0 (Windows 10): Executed 2 of 14[31m (2 FAILED)[39m (0 secs / 0.664 secs)
[1A[2K[31mChrome 146.0.0.0 (Windows 10) EventsAdminManagementComponent should create FAILED[39m
	Error: NG0908: In this configuration Angular requires Zone.js
	error properties: Object({ code: 908 })
	    at new NgZone (node_modules/@angular/core/fesm2022/core.mjs:6349:19)
	    at Object.useFactory (node_modules/@angular/core/fesm2022/core.mjs:34997:29)
	    at Object.factory (node_modules/@angular/core/fesm2022/core.mjs:2385:38)
	    at callback (node_modules/@angular/core/fesm2022/core.mjs:2282:47)
	    at runInInjectorProfilerContext (node_modules/@angular/core/fesm2022/core.mjs:884:9)
	    at R3Injector.hydrate (node_modules/@angular/core/fesm2022/core.mjs:2281:21)
	    at R3Injector.get (node_modules/@angular/core/fesm2022/core.mjs:2149:33)
	    at injectInjectorOnly (node_modules/@angular/core/fesm2022/core.mjs:1125:32)
	    at ╔Á╔Áinject (node_modules/@angular/core/fesm2022/core.mjs:1131:60)
	    at inject (node_modules/@angular/core/fesm2022/core.mjs:1217:12)
Chrome 146.0.0.0 (Windows 10): Executed 3 of 14[31m (3 FAILED)[39m (0 secs / 0.665 secs)
[1A[2K[31mChrome 146.0.0.0 (Windows 10) EventsAdminManagementComponent should show error if end date is before start date FAILED[39m
	Error: NG0908: In this configuration Angular requires Zone.js
	error properties: Object({ code: 908 })
	    at new NgZone (node_modules/@angular/core/fesm2022/core.mjs:6349:19)
	    at Object.useFactory (node_modules/@angular/core/fesm2022/core.mjs:34997:29)
	    at Object.factory (node_modules/@angular/core/fesm2022/core.mjs:2385:38)
	    at callback (node_modules/@angular/core/fesm2022/core.mjs:2282:47)
	    at runInInjectorProfilerContext (node_modules/@angular/core/fesm2022/core.mjs:884:9)
	    at R3Injector.hydrate (node_modules/@angular/core/fesm2022/core.mjs:2281:21)
	    at R3Injector.get (node_modules/@angular/core/fesm2022/core.mjs:2149:33)
	    at injectInjectorOnly (node_modules/@angular/core/fesm2022/core.mjs:1125:32)
	    at ╔Á╔Áinject (node_modules/@angular/core/fesm2022/core.mjs:1131:60)
	    at inject (node_modules/@angular/core/fesm2022/core.mjs:1217:12)
Chrome 146.0.0.0 (Windows 10): Executed 4 of 14[31m (4 FAILED)[39m (0 secs / 0.667 secs)
[1A[2K[31mChrome 146.0.0.0 (Windows 10) GamificationManagementComponent should show error if points are negative FAILED[39m
	Error: NG0908: In this configuration Angular requires Zone.js
	error properties: Object({ code: 908 })
	    at new NgZone (node_modules/@angular/core/fesm2022/core.mjs:6349:19)
	    at Object.useFactory (node_modules/@angular/core/fesm2022/core.mjs:34997:29)
	    at Object.factory (node_modules/@angular/core/fesm2022/core.mjs:2385:38)
	    at callback (node_modules/@angular/core/fesm2022/core.mjs:2282:47)
	    at runInInjectorProfilerContext (node_modules/@angular/core/fesm2022/core.mjs:884:9)
	    at R3Injector.hydrate (node_modules/@angular/core/fesm2022/core.mjs:2281:21)
	    at R3Injector.get (node_modules/@angular/core/fesm2022/core.mjs:2149:33)
	    at injectInjectorOnly (node_modules/@angular/core/fesm2022/core.mjs:1125:32)
	    at ╔Á╔Áinject (node_modules/@angular/core/fesm2022/core.mjs:1131:60)
	    at inject (node_modules/@angular/core/fesm2022/core.mjs:1217:12)
Chrome 146.0.0.0 (Windows 10): Executed 5 of 14[31m (5 FAILED)[39m (0 secs / 0.669 secs)
[1A[2K[31mChrome 146.0.0.0 (Windows 10) GamificationManagementComponent should show error if name is too short FAILED[39m
	Error: NG0908: In this configuration Angular requires Zone.js
	error properties: Object({ code: 908 })
	    at new NgZone (node_modules/@angular/core/fesm2022/core.mjs:6349:19)
	    at Object.useFactory (node_modules/@angular/core/fesm2022/core.mjs:34997:29)
	    at Object.factory (node_modules/@angular/core/fesm2022/core.mjs:2385:38)
	    at callback (node_modules/@angular/core/fesm2022/core.mjs:2282:47)
	    at runInInjectorProfilerContext (node_modules/@angular/core/fesm2022/core.mjs:884:9)
	    at R3Injector.hydrate (node_modules/@angular/core/fesm2022/core.mjs:2281:21)
	    at R3Injector.get (node_modules/@angular/core/fesm2022/core.mjs:2149:33)
	    at injectInjectorOnly (node_modules/@angular/core/fesm2022/core.mjs:1125:32)
	    at ╔Á╔Áinject (node_modules/@angular/core/fesm2022/core.mjs:1131:60)
	    at inject (node_modules/@angular/core/fesm2022/core.mjs:1217:12)
Chrome 146.0.0.0 (Windows 10): Executed 6 of 14[31m (6 FAILED)[39m (0 secs / 0.671 secs)
[1A[2K[31mChrome 146.0.0.0 (Windows 10) GamificationManagementComponent should call create when valid badge is submitted FAILED[39m
	Error: NG0908: In this configuration Angular requires Zone.js
	error properties: Object({ code: 908 })
	    at new NgZone (node_modules/@angular/core/fesm2022/core.mjs:6349:19)
	    at Object.useFactory (node_modules/@angular/core/fesm2022/core.mjs:34997:29)
	    at Object.factory (node_modules/@angular/core/fesm2022/core.mjs:2385:38)
	    at callback (node_modules/@angular/core/fesm2022/core.mjs:2282:47)
	    at runInInjectorProfilerContext (node_modules/@angular/core/fesm2022/core.mjs:884:9)
	    at R3Injector.hydrate (node_modules/@angular/core/fesm2022/core.mjs:2281:21)
	    at R3Injector.get (node_modules/@angular/core/fesm2022/core.mjs:2149:33)
	    at injectInjectorOnly (node_modules/@angular/core/fesm2022/core.mjs:1125:32)
	    at ╔Á╔Áinject (node_modules/@angular/core/fesm2022/core.mjs:1131:60)
	    at inject (node_modules/@angular/core/fesm2022/core.mjs:1217:12)
Chrome 146.0.0.0 (Windows 10): Executed 7 of 14[31m (7 FAILED)[39m (0 secs / 0.672 secs)
[1A[2K[31mChrome 146.0.0.0 (Windows 10) GamificationManagementComponent should create FAILED[39m
	Error: NG0908: In this configuration Angular requires Zone.js
	error properties: Object({ code: 908 })
	    at new NgZone (node_modules/@angular/core/fesm2022/core.mjs:6349:19)
	    at Object.useFactory (node_modules/@angular/core/fesm2022/core.mjs:34997:29)
	    at Object.factory (node_modules/@angular/core/fesm2022/core.mjs:2385:38)
	    at callback (node_modules/@angular/core/fesm2022/core.mjs:2282:47)
	    at runInInjectorProfilerContext (node_modules/@angular/core/fesm2022/core.mjs:884:9)
	    at R3Injector.hydrate (node_modules/@angular/core/fesm2022/core.mjs:2281:21)
	    at R3Injector.get (node_modules/@angular/core/fesm2022/core.mjs:2149:33)
	    at injectInjectorOnly (node_modules/@angular/core/fesm2022/core.mjs:1125:32)
	    at ╔Á╔Áinject (node_modules/@angular/core/fesm2022/core.mjs:1131:60)
	    at inject (node_modules/@angular/core/fesm2022/core.mjs:1217:12)
Chrome 146.0.0.0 (Windows 10): Executed 8 of 14[31m (8 FAILED)[39m (0 secs / 0.673 secs)
[1A[2K[31mChrome 146.0.0.0 (Windows 10) CampsitesManagementComponent should create FAILED[39m
	Error: NG0908: In this configuration Angular requires Zone.js
	error properties: Object({ code: 908 })
	    at new NgZone (node_modules/@angular/core/fesm2022/core.mjs:6349:19)
	    at Object.useFactory (node_modules/@angular/core/fesm2022/core.mjs:34997:29)
	    at Object.factory (node_modules/@angular/core/fesm2022/core.mjs:2385:38)
	    at callback (node_modules/@angular/core/fesm2022/core.mjs:2282:47)
	    at runInInjectorProfilerContext (node_modules/@angular/core/fesm2022/core.mjs:884:9)
	    at R3Injector.hydrate (node_modules/@angular/core/fesm2022/core.mjs:2281:21)
	    at R3Injector.get (node_modules/@angular/core/fesm2022/core.mjs:2149:33)
	    at injectInjectorOnly (node_modules/@angular/core/fesm2022/core.mjs:1125:32)
	    at ╔Á╔Áinject (node_modules/@angular/core/fesm2022/core.mjs:1131:60)
	    at inject (node_modules/@angular/core/fesm2022/core.mjs:1217:12)
Chrome 146.0.0.0 (Windows 10): Executed 9 of 14[31m (9 FAILED)[39m (0 secs / 0.764 secs)
[1A[2K[31mChrome 146.0.0.0 (Windows 10) CampsitesManagementComponent should show error if name or city are missing manually (fallback check) FAILED[39m
	Error: NG0908: In this configuration Angular requires Zone.js
	error properties: Object({ code: 908 })
	    at new NgZone (node_modules/@angular/core/fesm2022/core.mjs:6349:19)
	    at Object.useFactory (node_modules/@angular/core/fesm2022/core.mjs:34997:29)
	    at Object.factory (node_modules/@angular/core/fesm2022/core.mjs:2385:38)
	    at callback (node_modules/@angular/core/fesm2022/core.mjs:2282:47)
	    at runInInjectorProfilerContext (node_modules/@angular/core/fesm2022/core.mjs:884:9)
	    at R3Injector.hydrate (node_modules/@angular/core/fesm2022/core.mjs:2281:21)
	    at R3Injector.get (node_modules/@angular/core/fesm2022/core.mjs:2149:33)
	    at injectInjectorOnly (node_modules/@angular/core/fesm2022/core.mjs:1125:32)
	    at ╔Á╔Áinject (node_modules/@angular/core/fesm2022/core.mjs:1131:60)
	    at inject (node_modules/@angular/core/fesm2022/core.mjs:1217:12)
Chrome 146.0.0.0 (Windows 10): Executed 10 of 14[31m (10 FAILED)[39m (0 secs / 0.766 secs)
[1A[2K[31mChrome 146.0.0.0 (Windows 10) CampsitesManagementComponent should not submit form if form is explicitly marked as invalid FAILED[39m
	Error: NG0908: In this configuration Angular requires Zone.js
	error properties: Object({ code: 908 })
	    at new NgZone (node_modules/@angular/core/fesm2022/core.mjs:6349:19)
	    at Object.useFactory (node_modules/@angular/core/fesm2022/core.mjs:34997:29)
	    at Object.factory (node_modules/@angular/core/fesm2022/core.mjs:2385:38)
	    at callback (node_modules/@angular/core/fesm2022/core.mjs:2282:47)
	    at runInInjectorProfilerContext (node_modules/@angular/core/fesm2022/core.mjs:884:9)
	    at R3Injector.hydrate (node_modules/@angular/core/fesm2022/core.mjs:2281:21)
	    at R3Injector.get (node_modules/@angular/core/fesm2022/core.mjs:2149:33)
	    at injectInjectorOnly (node_modules/@angular/core/fesm2022/core.mjs:1125:32)
	    at ╔Á╔Áinject (node_modules/@angular/core/fesm2022/core.mjs:1131:60)
	    at inject (node_modules/@angular/core/fesm2022/core.mjs:1217:12)
Chrome 146.0.0.0 (Windows 10): Executed 11 of 14[31m (11 FAILED)[39m (0 secs / 0.768 secs)
[1A[2K[31mChrome 146.0.0.0 (Windows 10) CampHighlightsManagementComponent should block save Highlight if campsite is not selected (fallback) FAILED[39m
	Error: NG0908: In this configuration Angular requires Zone.js
	error properties: Object({ code: 908 })
	    at new NgZone (node_modules/@angular/core/fesm2022/core.mjs:6349:19)
	    at Object.useFactory (node_modules/@angular/core/fesm2022/core.mjs:34997:29)
	    at Object.factory (node_modules/@angular/core/fesm2022/core.mjs:2385:38)
	    at callback (node_modules/@angular/core/fesm2022/core.mjs:2282:47)
	    at runInInjectorProfilerContext (node_modules/@angular/core/fesm2022/core.mjs:884:9)
	    at R3Injector.hydrate (node_modules/@angular/core/fesm2022/core.mjs:2281:21)
	    at R3Injector.get (node_modules/@angular/core/fesm2022/core.mjs:2149:33)
	    at injectInjectorOnly (node_modules/@angular/core/fesm2022/core.mjs:1125:32)
	    at ╔Á╔Áinject (node_modules/@angular/core/fesm2022/core.mjs:1131:60)
	    at inject (node_modules/@angular/core/fesm2022/core.mjs:1217:12)
Chrome 146.0.0.0 (Windows 10): Executed 12 of 14[31m (12 FAILED)[39m (0 secs / 0.779 secs)
[1A[2K[31mChrome 146.0.0.0 (Windows 10) CampHighlightsManagementComponent should block save Highlight if form is invalid FAILED[39m
	Error: NG0908: In this configuration Angular requires Zone.js
	error properties: Object({ code: 908 })
	    at new NgZone (node_modules/@angular/core/fesm2022/core.mjs:6349:19)
	    at Object.useFactory (node_modules/@angular/core/fesm2022/core.mjs:34997:29)
	    at Object.factory (node_modules/@angular/core/fesm2022/core.mjs:2385:38)
	    at callback (node_modules/@angular/core/fesm2022/core.mjs:2282:47)
	    at runInInjectorProfilerContext (node_modules/@angular/core/fesm2022/core.mjs:884:9)
	    at R3Injector.hydrate (node_modules/@angular/core/fesm2022/core.mjs:2281:21)
	    at R3Injector.get (node_modules/@angular/core/fesm2022/core.mjs:2149:33)
	    at injectInjectorOnly (node_modules/@angular/core/fesm2022/core.mjs:1125:32)
	    at ╔Á╔Áinject (node_modules/@angular/core/fesm2022/core.mjs:1131:60)
	    at inject (node_modules/@angular/core/fesm2022/core.mjs:1217:12)
Chrome 146.0.0.0 (Windows 10): Executed 13 of 14[31m (13 FAILED)[39m (0 secs / 0.78 secs)
[1A[2K[31mChrome 146.0.0.0 (Windows 10) CampHighlightsManagementComponent should create FAILED[39m
	Error: NG0908: In this configuration Angular requires Zone.js
	error properties: Object({ code: 908 })
	    at new NgZone (node_modules/@angular/core/fesm2022/core.mjs:6349:19)
	    at Object.useFactory (node_modules/@angular/core/fesm2022/core.mjs:34997:29)
	    at Object.factory (node_modules/@angular/core/fesm2022/core.mjs:2385:38)
	    at callback (node_modules/@angular/core/fesm2022/core.mjs:2282:47)
	    at runInInjectorProfilerContext (node_modules/@angular/core/fesm2022/core.mjs:884:9)
	    at R3Injector.hydrate (node_modules/@angular/core/fesm2022/core.mjs:2281:21)
	    at R3Injector.get (node_modules/@angular/core/fesm2022/core.mjs:2149:33)
	    at injectInjectorOnly (node_modules/@angular/core/fesm2022/core.mjs:1125:32)
Ô£ö Browser application bundle generation complete.
	    at ╔Á╔Áinject (node_modules/@angular/core/fesm2022/core.mjs:1131:60)
	    at inject (node_modules/@angular/core/fesm2022/core.mjs:1217:12)
Chrome 146.0.0.0 (Windows 10): Executed 14 of 14[31m (14 FAILED)[39m (0 secs / 0.781 secs)
[1A[2KChrome 146.0.0.0 (Windows 10): Executed 14 of 14[31m (14 FAILED)[39m (0.98 secs / 0.781 secs)
[31mTOTAL: 14 FAILED, 0 SUCCESS[39m
Ô£ö Browser application bundle generation complete.
